// Jest Snapshot v1, https://goo.gl/fbAQLP

exports[`UsernameInfo component renders UsernameInfo 1`] = `
<figure>
  <img
    alt="mikeymasonic"
    src="https://avatars2.githubusercontent.com/u/35716186?v=4"
  />
  <figcaption>
    <h4>
      username:
    </h4>
     
    mikeymasonic
    <h4>
      followers:
    </h4>
     
    5
    <h4>
      following:
    </h4>
     
    4
    <p>
      <a
        href="https://github.com/mikeymasonic"
        rel="noopener noreferrer"
        target="_blank"
      >
        github profile
      </a>
    </p>
  </figcaption>
</figure>
`;
