// Jest Snapshot v1, https://goo.gl/fbAQLP

exports[`UsernameInput component renders UsernameInput 1`] = `
<Fragment>
  <h1>
    GitHub User Viewer
  </h1>
  <input
    name="username"
    onChange={[Function]}
    placeholder="GitHub Username"
    type="text"
    value="mikeymasonic"
  />
  <input
    name="search"
    onClick={[Function]}
    type="submit"
    value="Search"
  />
</Fragment>
`;
