// Jest Snapshot v1, https://goo.gl/fbAQLP

exports[`UsernameInput component renders UsernameInput 1`] = `
<Fragment>
  <input
    name="username"
    onChange={[Function]}
    type="text"
    value="mikeymasonic"
  />
  <input
    name="search"
    onChange={[Function]}
    type="button"
    value="Search"
  />
</Fragment>
`;
